// Jest Snapshot v1, https://goo.gl/fbAQLP

exports[`<Header /> should render correct header 1`] = `
<header
  className="border-bottom mb-4 pt-2 pb-2 bg-white shadow-sm"
  id="header"
>
  <div
    className="container d-flex justify-content-between align-items-center"
  >
    <strong>
      <img
        alt="Hacker News"
        height="51px"
        src="https://i.ya-webdesign.com/images/hacker-news-logo-png-15.png"
        width="120px"
      />
    </strong>
    <button
      className="btn btn-info"
      onClick={[Function]}
      type="button"
    >
      Refresh
    </button>
  </div>
</header>
`;
