// Jest Snapshot v1, https://goo.gl/fbAQLP

exports[`<Loader /> should contains loader icon 1`] = `
<Loader>
  <styled.span>
    <span
      className="sc-AxjAm cqrqRC"
    />
  </styled.span>
</Loader>
`;
